#!/usr/explorer/bin/explorer cxNetResources ascii 3.0
#Tag 0x10603

(cxNetResources
    {	(appState =cxNRApp
	    {	(isMainWinMapped =cxBoolean cx_false)
		(isNetEdMapped =cxBoolean cx_false)
		(isLibrarianMapped =cxBoolean cx_false)
	    }
	)
	(numModules 3)
	(modules @0)
	(numConnects 2)
	(connects @1)
	(numInputs 0)
	(numOutputs 0)
	(startupScript NULL)
    }
)
(@0 =cxNRModule [3]
    {	(name "Trans3Dimg")
	(instanceName "Trans3Dimg")
	(parent "netRoot")
	(host "localhost")
	(path "/net/ithaca/usr1/explorer")
	(isSelected =cxBoolean cx_false)
	(isEnabled =cxBoolean cx_true)
	(openedGroup =cxBoolean cx_true)
	(isLoopController =cxBoolean cx_false)
	(numPanels 1)
	(panelState @2)
	(numInAliases 0)
	(numOutAliases 0)
	(numPFuncs 0)
    }
    {	(name "IsosurfaceLat")
	(instanceName "IsosurfaceLat")
	(parent "netRoot")
	(host "localhost")
	(path "/usr/explorer/opengl/modules")
	(isSelected =cxBoolean cx_false)
	(isEnabled =cxBoolean cx_true)
	(openedGroup =cxBoolean cx_true)
	(isLoopController =cxBoolean cx_false)
	(numPanels 1)
	(panelState @3)
	(numInAliases 0)
	(numOutAliases 0)
	(numPFuncs 0)
    }
    {	(name "Render")
	(instanceName "Render")
	(parent "netRoot")
	(host "localhost")
	(path "/usr/explorer/opengl/modules")
	(isSelected =cxBoolean cx_false)
	(isEnabled =cxBoolean cx_true)
	(openedGroup =cxBoolean cx_true)
	(isLoopController =cxBoolean cx_false)
	(numPanels 1)
	(panelState @4)
	(numInAliases 0)
	(numOutAliases 0)
	(numPFuncs 0)
    }
)
(@1 =cxNRConnect [2]
    {	(source =cxNRDest
	    {	(module "Trans3Dimg")
		(port "Lat1")
	    }
	)
	(destination =cxNRDest
	    {	(module "IsosurfaceLat")
		(port "Input")
	    }
	)
    }
    {	(source =cxNRDest
	    {	(module "IsosurfaceLat")
		(port "Surface")
	    }
	)
	(destination =cxNRDest
	    {	(module "Render")
		(port "Input")
	    }
	)
    }
)
(@2 =cxNRPanel [1]
    {	(title "Trans3Dimg")
	(maxiSize =cxWidgetSize
	    {	(width 275)
		(height 165)
	    }
	)
	(maxiPosition =cxWidgetPos
	    {	(x 354)
		(y 316)
	    }
	)
	(isMaxiMapped =cxBoolean cx_true)
	(miniPosition =cxWidgetPos
	    {	(x 74)
		(y 102)
	    }
	)
	(isMicro =cxBoolean cx_false)
	(numWidgets 2)
	(widgets @5)
    }
)
(@3 =cxNRPanel [1]
    {	(title "IsosurfaceLat")
	(maxiSize =cxWidgetSize
	    {	(width 347)
		(height 207)
	    }
	)
	(maxiPosition =cxWidgetPos
	    {	(x 0)
		(y 0)
	    }
	)
	(isMaxiMapped =cxBoolean cx_false)
	(miniPosition =cxWidgetPos
	    {	(x 254)
		(y 98)
	    }
	)
	(isMicro =cxBoolean cx_false)
	(numWidgets 5)
	(widgets @6)
    }
)
(@4 =cxNRPanel [1]
    {	(title "Render")
	(maxiSize =cxWidgetSize
	    {	(width 217)
		(height 237)
	    }
	)
	(maxiPosition =cxWidgetPos
	    {	(x 392)
		(y 365)
	    }
	)
	(isMaxiMapped =cxBoolean cx_true)
	(miniPosition =cxWidgetPos
	    {	(x 470)
		(y 99)
	    }
	)
	(isMicro =cxBoolean cx_false)
	(numWidgets 2)
	(widgets @7)
    }
)
(@5 =cxWidgetRes [2]
    {	(name NULL)
	(port "Template1")
	(pfunc NULL)
	(direction cx_widget_input)
	(type =cxWidgetType cx_widget_text)
	(label NULL)
	(fgColor NULL)
	(bgColor NULL)
	(textColor NULL)
	(font NULL)
	(continuous =cxBoolean cx_false)
	(honorWidth =cxTriStateBoolean cx_unspecified)
	(honorHeight =cxTriStateBoolean cx_unspecified)
	(fixedWidth =cxTriStateBoolean cx_unspecified)
	(fixedHeight =cxTriStateBoolean cx_unspecified)
	(stackingOrder 0)
	(dimin
	    {	(isMapped =cxBoolean cx_false)
		(size =cxWidgetSize
		    {	(width 0)
			(height 0)
		    }
		)
		(position =cxWidgetPos
		    {	(x 5)
			(y 35)
		    }
		)
	    }
	)
	(full
	    {	(isMapped =cxBoolean cx_false)
		(size =cxWidgetSize
		    {	(width 0)
			(height 0)
		    }
		)
		(position =cxWidgetPos
		    {	(x 10)
			(y 70)
		    }
		)
	    }
	)
	(t cx_widget_text
	    {	(initVal "vacpad.DAT")
	    }
	)
    }
    {	(name NULL)
	(port "Script File")
	(pfunc NULL)
	(direction cx_widget_input)
	(type =cxWidgetType cx_widget_text)
	(label NULL)
	(fgColor NULL)
	(bgColor NULL)
	(textColor NULL)
	(font NULL)
	(continuous =cxBoolean cx_false)
	(honorWidth =cxTriStateBoolean cx_unspecified)
	(honorHeight =cxTriStateBoolean cx_unspecified)
	(fixedWidth =cxTriStateBoolean cx_unspecified)
	(fixedHeight =cxTriStateBoolean cx_unspecified)
	(stackingOrder 0)
	(dimin
	    {	(isMapped =cxBoolean cx_false)
		(size =cxWidgetSize
		    {	(width 0)
			(height 0)
		    }
		)
		(position =cxWidgetPos
		    {	(x 5)
			(y 5)
		    }
		)
	    }
	)
	(full
	    {	(isMapped =cxBoolean cx_false)
		(size =cxWidgetSize
		    {	(width 0)
			(height 0)
		    }
		)
		(position =cxWidgetPos
		    {	(x 10)
			(y 10)
		    }
		)
	    }
	)
	(t cx_widget_text
	    {	(initVal "Trans3Dimg.scribe")
	    }
	)
    }
)
(@6 =cxWidgetRes [5]
    {	(name NULL)
	(port "Threshold")
	(pfunc NULL)
	(direction cx_widget_input)
	(type =cxWidgetType cx_widget_dial)
	(label NULL)
	(fgColor NULL)
	(bgColor NULL)
	(textColor NULL)
	(font NULL)
	(continuous =cxBoolean cx_false)
	(honorWidth =cxTriStateBoolean cx_unspecified)
	(honorHeight =cxTriStateBoolean cx_unspecified)
	(fixedWidth =cxTriStateBoolean cx_unspecified)
	(fixedHeight =cxTriStateBoolean cx_unspecified)
	(stackingOrder 0)
	(dimin
	    {	(isMapped =cxBoolean cx_false)
		(size =cxWidgetSize
		    {	(width 0)
			(height 0)
		    }
		)
		(position =cxWidgetPos
		    {	(x 6)
			(y 6)
		    }
		)
	    }
	)
	(full
	    {	(isMapped =cxBoolean cx_false)
		(size =cxWidgetSize
		    {	(width 0)
			(height 0)
		    }
		)
		(position =cxWidgetPos
		    {	(x 12)
			(y 12)
		    }
		)
	    }
	)
	(t cx_widget_dial
	    {	(d =cxWidgetScalar
		    {	(discrete =cxBoolean cx_false)
			(boundedMin =cxBoolean cx_false)
			(boundedMax =cxBoolean cx_false)
			(dataType =cxPrimType cx_prim_double)
			(t cx_prim_double
			    {	(minVal 0)
				(maxVal 1)
				(step 0)
				(initVal 0.5)
			    }
			)
			(orientation =cxOrientation cx_horizontal)
		    }
		)
	    }
	)
    }
    {	(name NULL)
	(port "Surface Variable")
	(pfunc NULL)
	(direction cx_widget_input)
	(type =cxWidgetType cx_widget_slider)
	(label NULL)
	(fgColor NULL)
	(bgColor NULL)
	(textColor NULL)
	(font NULL)
	(continuous =cxBoolean cx_false)
	(honorWidth =cxTriStateBoolean cx_unspecified)
	(honorHeight =cxTriStateBoolean cx_unspecified)
	(fixedWidth =cxTriStateBoolean cx_unspecified)
	(fixedHeight =cxTriStateBoolean cx_unspecified)
	(stackingOrder 0)
	(dimin
	    {	(isMapped =cxBoolean cx_false)
		(size =cxWidgetSize
		    {	(width 0)
			(height 0)
		    }
		)
		(position =cxWidgetPos
		    {	(x 108)
			(y 48)
		    }
		)
	    }
	)
	(full
	    {	(isMapped =cxBoolean cx_false)
		(size =cxWidgetSize
		    {	(width 0)
			(height 0)
		    }
		)
		(position =cxWidgetPos
		    {	(x 216)
			(y 96)
		    }
		)
	    }
	)
	(t cx_widget_slider
	    {	(d =cxWidgetScalar
		    {	(discrete =cxBoolean cx_false)
			(boundedMin =cxBoolean cx_false)
			(boundedMax =cxBoolean cx_false)
			(dataType =cxPrimType cx_prim_long)
			(t cx_prim_long
			    {	(minVal 1)
				(maxVal 4)
				(step 0)
				(initVal 1)
			    }
			)
			(orientation =cxOrientation cx_horizontal)
		    }
		)
	    }
	)
    }
    {	(name NULL)
	(port "Color Variable")
	(pfunc NULL)
	(direction cx_widget_input)
	(type =cxWidgetType cx_widget_slider)
	(label NULL)
	(fgColor NULL)
	(bgColor NULL)
	(textColor NULL)
	(font NULL)
	(continuous =cxBoolean cx_false)
	(honorWidth =cxTriStateBoolean cx_unspecified)
	(honorHeight =cxTriStateBoolean cx_unspecified)
	(fixedWidth =cxTriStateBoolean cx_unspecified)
	(fixedHeight =cxTriStateBoolean cx_unspecified)
	(stackingOrder 0)
	(dimin
	    {	(isMapped =cxBoolean cx_false)
		(size =cxWidgetSize
		    {	(width 0)
			(height 0)
		    }
		)
		(position =cxWidgetPos
		    {	(x 108)
			(y 6)
		    }
		)
	    }
	)
	(full
	    {	(isMapped =cxBoolean cx_false)
		(size =cxWidgetSize
		    {	(width 0)
			(height 0)
		    }
		)
		(position =cxWidgetPos
		    {	(x 216)
			(y 12)
		    }
		)
	    }
	)
	(t cx_widget_slider
	    {	(d =cxWidgetScalar
		    {	(discrete =cxBoolean cx_false)
			(boundedMin =cxBoolean cx_false)
			(boundedMax =cxBoolean cx_false)
			(dataType =cxPrimType cx_prim_long)
			(t cx_prim_long
			    {	(minVal 1)
				(maxVal 4)
				(step 0)
				(initVal 1)
			    }
			)
			(orientation =cxOrientation cx_horizontal)
		    }
		)
	    }
	)
    }
    {	(name NULL)
	(port "Smooth?")
	(pfunc NULL)
	(direction cx_widget_input)
	(type =cxWidgetType cx_widget_option_menu)
	(label NULL)
	(fgColor NULL)
	(bgColor NULL)
	(textColor NULL)
	(font NULL)
	(continuous =cxBoolean cx_false)
	(honorWidth =cxTriStateBoolean cx_unspecified)
	(honorHeight =cxTriStateBoolean cx_unspecified)
	(fixedWidth =cxTriStateBoolean cx_unspecified)
	(fixedHeight =cxTriStateBoolean cx_unspecified)
	(stackingOrder 0)
	(dimin
	    {	(isMapped =cxBoolean cx_false)
		(size =cxWidgetSize
		    {	(width 0)
			(height 0)
		    }
		)
		(position =cxWidgetPos
		    {	(x 56)
			(y 6)
		    }
		)
	    }
	)
	(full
	    {	(isMapped =cxBoolean cx_false)
		(size =cxWidgetSize
		    {	(width 0)
			(height 0)
		    }
		)
		(position =cxWidgetPos
		    {	(x 112)
			(y 12)
		    }
		)
	    }
	)
	(t cx_widget_option_menu
	    {	(d =cxWidgetOptionMenu
		    {	(nMembers 2)
			(members @8)
			(initVal 0)
		    }
		)
	    }
	)
    }
    {	(name NULL)
	(port "Flip Normal?")
	(pfunc NULL)
	(direction cx_widget_input)
	(type =cxWidgetType cx_widget_option_menu)
	(label NULL)
	(fgColor NULL)
	(bgColor NULL)
	(textColor NULL)
	(font NULL)
	(continuous =cxBoolean cx_false)
	(honorWidth =cxTriStateBoolean cx_unspecified)
	(honorHeight =cxTriStateBoolean cx_unspecified)
	(fixedWidth =cxTriStateBoolean cx_unspecified)
	(fixedHeight =cxTriStateBoolean cx_unspecified)
	(stackingOrder 0)
	(dimin
	    {	(isMapped =cxBoolean cx_false)
		(size =cxWidgetSize
		    {	(width 0)
			(height 0)
		    }
		)
		(position =cxWidgetPos
		    {	(x 56)
			(y 38)
		    }
		)
	    }
	)
	(full
	    {	(isMapped =cxBoolean cx_false)
		(size =cxWidgetSize
		    {	(width 0)
			(height 0)
		    }
		)
		(position =cxWidgetPos
		    {	(x 112)
			(y 76)
		    }
		)
	    }
	)
	(t cx_widget_option_menu
	    {	(d =cxWidgetOptionMenu
		    {	(nMembers 2)
			(members @9)
			(initVal 0)
		    }
		)
	    }
	)
    }
)
(@7 =cxWidgetRes [2]
    {	(name NULL)
	(port "Window")
	(pfunc NULL)
	(direction cx_widget_input)
	(type =cxWidgetType cx_widget_gl)
	(label NULL)
	(fgColor NULL)
	(bgColor NULL)
	(textColor NULL)
	(font NULL)
	(continuous =cxBoolean cx_false)
	(honorWidth =cxTriStateBoolean cx_unspecified)
	(honorHeight =cxTriStateBoolean cx_unspecified)
	(fixedWidth =cxTriStateBoolean cx_unspecified)
	(fixedHeight =cxTriStateBoolean cx_unspecified)
	(stackingOrder 0)
	(dimin
	    {	(isMapped =cxBoolean cx_false)
		(size =cxWidgetSize
		    {	(width 0)
			(height 0)
		    }
		)
		(position =cxWidgetPos
		    {	(x 5)
			(y 5)
		    }
		)
	    }
	)
	(full
	    {	(isMapped =cxBoolean cx_false)
		(size =cxWidgetSize
		    {	(width 0)
			(height 0)
		    }
		)
		(position =cxWidgetPos
		    {	(x 10)
			(y 10)
		    }
		)
	    }
	)
	(t cx_widget_gl
	)
    }
    {	(name NULL)
	(port "Snap")
	(pfunc NULL)
	(direction cx_widget_input)
	(type =cxWidgetType cx_widget_button)
	(label NULL)
	(fgColor NULL)
	(bgColor NULL)
	(textColor NULL)
	(font NULL)
	(continuous =cxBoolean cx_false)
	(honorWidth =cxTriStateBoolean cx_unspecified)
	(honorHeight =cxTriStateBoolean cx_unspecified)
	(fixedWidth =cxTriStateBoolean cx_unspecified)
	(fixedHeight =cxTriStateBoolean cx_unspecified)
	(stackingOrder 0)
	(dimin
	    {	(isMapped =cxBoolean cx_false)
		(size =cxWidgetSize
		    {	(width 0)
			(height 0)
		    }
		)
		(position =cxWidgetPos
		    {	(x 5)
			(y 5)
		    }
		)
	    }
	)
	(full
	    {	(isMapped =cxBoolean cx_false)
		(size =cxWidgetSize
		    {	(width 0)
			(height 0)
		    }
		)
		(position =cxWidgetPos
		    {	(x 10)
			(y 10)
		    }
		)
	    }
	)
	(t cx_widget_button
	)
    }
)
(@8 [2] "Off" "On")
(@9 [2] "No" "Yes")
