#!/usr/explorer/bin/explorer cxNetResources ascii 4.0
#Tag 0x10603

(cxNetResources
    {	(appState =cxNRApp
	    {	(isMainWinMapped =cxBoolean cx_false)
		(isNetEdMapped =cxBoolean cx_false)
		(isLibrarianMapped =cxBoolean cx_false)
	    }
	)
	(numModules 5)
	(modules @0)
	(numConnects 5)
	(connects @1)
	(numInputs 0)
	(numOutputs 0)
	(startupScript NULL)
    }
)
(@0 =cxNRModule [5]
    {	(name "ReadGeom")
	(instanceName "ReadGeom")
	(parent "netRoot")
	(host "localhost")
	(path "/usr/explorer/modules")
	(isSelected =cxBoolean cx_false)
	(isEnabled =cxBoolean cx_true)
	(openedGroup =cxBoolean cx_true)
	(isLoopController =cxBoolean cx_false)
	(numPanels 1)
	(panelState @2)
	(numInAliases 0)
	(numOutAliases 0)
	(numPFuncs 0)
    }
    {	(name "TransformGeom")
	(instanceName "TransformGeom")
	(parent "netRoot")
	(host "localhost")
	(path "/usr/explorer/modules")
	(isSelected =cxBoolean cx_false)
	(isEnabled =cxBoolean cx_true)
	(openedGroup =cxBoolean cx_true)
	(isLoopController =cxBoolean cx_false)
	(numPanels 1)
	(panelState @3)
	(numInAliases 0)
	(numOutAliases 0)
	(numPFuncs 0)
    }
    {	(name "Render")
	(instanceName "Render")
	(parent "netRoot")
	(host "localhost")
	(path "/usr/explorer/opengl/modules")
	(isSelected =cxBoolean cx_false)
	(isEnabled =cxBoolean cx_true)
	(openedGroup =cxBoolean cx_true)
	(isLoopController =cxBoolean cx_false)
	(numPanels 1)
	(panelState @4)
	(numInAliases 0)
	(numOutAliases 0)
	(numPFuncs 0)
    }
    {	(name "For")
	(instanceName "For")
	(parent "netRoot")
	(host "localhost")
	(path "/usr/explorer/modules")
	(isSelected =cxBoolean cx_false)
	(isEnabled =cxBoolean cx_true)
	(openedGroup =cxBoolean cx_true)
	(isLoopController =cxBoolean cx_true)
	(numPanels 1)
	(panelState @5)
	(numInAliases 0)
	(numOutAliases 0)
	(numPFuncs 0)
    }
    {	(name "WriteImg")
	(instanceName "WriteImg")
	(parent "netRoot")
	(host "localhost")
	(path "/usr/explorer/modules")
	(isSelected =cxBoolean cx_false)
	(isEnabled =cxBoolean cx_false)
	(openedGroup =cxBoolean cx_true)
	(isLoopController =cxBoolean cx_false)
	(numPanels 1)
	(panelState @6)
	(numInAliases 0)
	(numOutAliases 0)
	(numPFuncs 0)
    }
)
(@1 =cxNRConnect [5]
    {	(source =cxNRDest
	    {	(module "ReadGeom")
		(port "Output")
	    }
	)
	(destination =cxNRDest
	    {	(module "TransformGeom")
		(port "Input Geom")
	    }
	)
    }
    {	(source =cxNRDest
	    {	(module "TransformGeom")
		(port "Output Geom")
	    }
	)
	(destination =cxNRDest
	    {	(module "Render")
		(port "Input")
	    }
	)
    }
    {	(source =cxNRDest
	    {	(module "Render")
		(port "Snapshot")
	    }
	)
	(destination =cxNRDest
	    {	(module "WriteImg")
		(port "Input")
	    }
	)
    }
    {	(source =cxNRDest
	    {	(module "For")
		(port "Current Value")
	    }
	)
	(destination =cxNRDest
	    {	(module "TransformGeom")
		(port "Rotation Angle")
	    }
	)
    }
    {	(source =cxNRDest
	    {	(module "Render")
		(port "Firing Done")
	    }
	)
	(destination =cxNRDest
	    {	(module "For")
		(port "Fire")
	    }
	)
    }
)
(@2 =cxNRPanel [1]
    {	(title "ReadGeom")
	(maxiSize =cxWidgetSize
	    {	(width 177)
		(height 105)
	    }
	)
	(maxiPosition =cxWidgetPos
	    {	(x 17)
		(y 246)
	    }
	)
	(isMaxiMapped =cxBoolean cx_false)
	(miniPosition =cxWidgetPos
	    {	(x 10)
		(y 10)
	    }
	)
	(isMicro =cxBoolean cx_false)
	(numWidgets 1)
	(widgets @7)
    }
)
(@3 =cxNRPanel [1]
    {	(title "TransformGeom")
	(maxiSize =cxWidgetSize
	    {	(width 515)
		(height 295)
	    }
	)
	(maxiPosition =cxWidgetPos
	    {	(x -189)
		(y 532)
	    }
	)
	(isMaxiMapped =cxBoolean cx_true)
	(miniPosition =cxWidgetPos
	    {	(x 206)
		(y 103)
	    }
	)
	(isMicro =cxBoolean cx_true)
	(numWidgets 10)
	(widgets @8)
    }
)
(@4 =cxNRPanel [1]
    {	(title "Render")
	(maxiSize =cxWidgetSize
	    {	(width 714)
		(height 714)
	    }
	)
	(maxiPosition =cxWidgetPos
	    {	(x 209)
		(y 279)
	    }
	)
	(isMaxiMapped =cxBoolean cx_true)
	(miniPosition =cxWidgetPos
	    {	(x 347)
		(y 10)
	    }
	)
	(isMicro =cxBoolean cx_true)
	(numWidgets 3)
	(widgets @9)
    }
)
(@5 =cxNRPanel [1]
    {	(title "For")
	(maxiSize =cxWidgetSize
	    {	(width 293)
		(height 302)
	    }
	)
	(maxiPosition =cxWidgetPos
	    {	(x 227)
		(y 187)
	    }
	)
	(isMaxiMapped =cxBoolean cx_true)
	(miniPosition =cxWidgetPos
	    {	(x 16)
		(y 103)
	    }
	)
	(isMicro =cxBoolean cx_true)
	(numWidgets 6)
	(widgets @10)
    }
)
(@6 =cxNRPanel [1]
    {	(title "WriteImg")
	(maxiSize =cxWidgetSize
	    {	(width 292)
		(height 185)
	    }
	)
	(maxiPosition =cxWidgetPos
	    {	(x -519)
		(y 334)
	    }
	)
	(isMaxiMapped =cxBoolean cx_false)
	(miniPosition =cxWidgetPos
	    {	(x 527)
		(y 74)
	    }
	)
	(isMicro =cxBoolean cx_true)
	(numWidgets 2)
	(widgets @11)
    }
)
(@7 =cxWidgetRes [1]
    {	(name NULL)
	(port "Filename")
	(pfunc NULL)
	(direction cx_widget_input)
	(type =cxWidgetType cx_widget_text)
	(label NULL)
	(fgColor NULL)
	(bgColor NULL)
	(textColor NULL)
	(font NULL)
	(continuous =cxBoolean cx_false)
	(honorWidth =cxTriStateBoolean cx_unspecified)
	(honorHeight =cxTriStateBoolean cx_unspecified)
	(fixedWidth =cxTriStateBoolean cx_unspecified)
	(fixedHeight =cxTriStateBoolean cx_unspecified)
	(stackingOrder 0)
	(dimin
	    {	(isMapped =cxBoolean cx_false)
		(size =cxWidgetSize
		    {	(width 0)
			(height 0)
		    }
		)
		(position =cxWidgetPos
		    {	(x 6)
			(y 5)
		    }
		)
	    }
	)
	(full
	    {	(isMapped =cxBoolean cx_false)
		(size =cxWidgetSize
		    {	(width 0)
			(height 0)
		    }
		)
		(position =cxWidgetPos
		    {	(x 12)
			(y 10)
		    }
		)
	    }
	)
	(t cx_widget_text
	    {	(initVal "Banana.iv")
	    }
	)
    }
)
(@8 =cxWidgetRes [10]
    {	(name NULL)
	(port "Rotation Type")
	(pfunc NULL)
	(direction cx_widget_input)
	(type =cxWidgetType cx_widget_option_menu)
	(label NULL)
	(fgColor NULL)
	(bgColor NULL)
	(textColor NULL)
	(font NULL)
	(continuous =cxBoolean cx_false)
	(honorWidth =cxTriStateBoolean cx_unspecified)
	(honorHeight =cxTriStateBoolean cx_unspecified)
	(fixedWidth =cxTriStateBoolean cx_unspecified)
	(fixedHeight =cxTriStateBoolean cx_unspecified)
	(stackingOrder 0)
	(dimin
	    {	(isMapped =cxBoolean cx_false)
		(size =cxWidgetSize
		    {	(width 0)
			(height 0)
		    }
		)
		(position =cxWidgetPos
		    {	(x 72)
			(y 92)
		    }
		)
	    }
	)
	(full
	    {	(isMapped =cxBoolean cx_false)
		(size =cxWidgetSize
		    {	(width 0)
			(height 0)
		    }
		)
		(position =cxWidgetPos
		    {	(x 145)
			(y 185)
		    }
		)
	    }
	)
	(t cx_widget_option_menu
	    {	(d =cxWidgetOptionMenu
		    {	(nMembers 4)
			(members @12)
			(initVal 2)
		    }
		)
	    }
	)
    }
    {	(name NULL)
	(port "Rotation Angle")
	(pfunc NULL)
	(direction cx_widget_input)
	(type =cxWidgetType cx_widget_slider)
	(label NULL)
	(fgColor NULL)
	(bgColor NULL)
	(textColor NULL)
	(font NULL)
	(continuous =cxBoolean cx_false)
	(honorWidth =cxTriStateBoolean cx_unspecified)
	(honorHeight =cxTriStateBoolean cx_unspecified)
	(fixedWidth =cxTriStateBoolean cx_unspecified)
	(fixedHeight =cxTriStateBoolean cx_unspecified)
	(stackingOrder 0)
	(dimin
	    {	(isMapped =cxBoolean cx_false)
		(size =cxWidgetSize
		    {	(width 0)
			(height 0)
		    }
		)
		(position =cxWidgetPos
		    {	(x 72)
			(y 50)
		    }
		)
	    }
	)
	(full
	    {	(isMapped =cxBoolean cx_false)
		(size =cxWidgetSize
		    {	(width 0)
			(height 0)
		    }
		)
		(position =cxWidgetPos
		    {	(x 145)
			(y 100)
		    }
		)
	    }
	)
	(t cx_widget_slider
	    {	(d =cxWidgetScalar
		    {	(discrete =cxBoolean cx_false)
			(boundedMin =cxBoolean cx_false)
			(boundedMax =cxBoolean cx_false)
			(dataType =cxPrimType cx_prim_double)
			(t cx_prim_double
			    {	(minVal -380)
				(maxVal 380)
				(step 0)
				(initVal 180)
			    }
			)
			(orientation =cxOrientation cx_horizontal)
		    }
		)
	    }
	)
    }
    {	(name NULL)
	(port "Translation Y")
	(pfunc NULL)
	(direction cx_widget_input)
	(type =cxWidgetType cx_widget_slider)
	(label NULL)
	(fgColor NULL)
	(bgColor NULL)
	(textColor NULL)
	(font NULL)
	(continuous =cxBoolean cx_false)
	(honorWidth =cxTriStateBoolean cx_unspecified)
	(honorHeight =cxTriStateBoolean cx_unspecified)
	(fixedWidth =cxTriStateBoolean cx_unspecified)
	(fixedHeight =cxTriStateBoolean cx_unspecified)
	(stackingOrder 0)
	(dimin
	    {	(isMapped =cxBoolean cx_false)
		(size =cxWidgetSize
		    {	(width 0)
			(height 0)
		    }
		)
		(position =cxWidgetPos
		    {	(x 5)
			(y 50)
		    }
		)
	    }
	)
	(full
	    {	(isMapped =cxBoolean cx_false)
		(size =cxWidgetSize
		    {	(width 0)
			(height 0)
		    }
		)
		(position =cxWidgetPos
		    {	(x 10)
			(y 100)
		    }
		)
	    }
	)
	(t cx_widget_slider
	    {	(d =cxWidgetScalar
		    {	(discrete =cxBoolean cx_false)
			(boundedMin =cxBoolean cx_false)
			(boundedMax =cxBoolean cx_false)
			(dataType =cxPrimType cx_prim_double)
			(t cx_prim_double
			    {	(minVal -10)
				(maxVal 10)
				(step 0)
				(initVal -0.208333)
			    }
			)
			(orientation =cxOrientation cx_horizontal)
		    }
		)
	    }
	)
    }
    {	(name NULL)
	(port "X Component")
	(pfunc NULL)
	(direction cx_widget_input)
	(type =cxWidgetType cx_widget_slider)
	(label NULL)
	(fgColor NULL)
	(bgColor NULL)
	(textColor NULL)
	(font NULL)
	(continuous =cxBoolean cx_false)
	(honorWidth =cxTriStateBoolean cx_unspecified)
	(honorHeight =cxTriStateBoolean cx_unspecified)
	(fixedWidth =cxTriStateBoolean cx_unspecified)
	(fixedHeight =cxTriStateBoolean cx_unspecified)
	(stackingOrder 0)
	(dimin
	    {	(isMapped =cxBoolean cx_false)
		(size =cxWidgetSize
		    {	(width 0)
			(height 0)
		    }
		)
		(position =cxWidgetPos
		    {	(x 195)
			(y 5)
		    }
		)
	    }
	)
	(full
	    {	(isMapped =cxBoolean cx_false)
		(size =cxWidgetSize
		    {	(width 0)
			(height 0)
		    }
		)
		(position =cxWidgetPos
		    {	(x 390)
			(y 10)
		    }
		)
	    }
	)
	(t cx_widget_slider
	    {	(d =cxWidgetScalar
		    {	(discrete =cxBoolean cx_false)
			(boundedMin =cxBoolean cx_false)
			(boundedMax =cxBoolean cx_false)
			(dataType =cxPrimType cx_prim_double)
			(t cx_prim_double
			    {	(minVal -10)
				(maxVal 10)
				(step 0)
				(initVal 1)
			    }
			)
			(orientation =cxOrientation cx_horizontal)
		    }
		)
	    }
	)
    }
    {	(name NULL)
	(port "Scale")
	(pfunc NULL)
	(direction cx_widget_input)
	(type =cxWidgetType cx_widget_slider)
	(label NULL)
	(fgColor NULL)
	(bgColor NULL)
	(textColor NULL)
	(font NULL)
	(continuous =cxBoolean cx_false)
	(honorWidth =cxTriStateBoolean cx_unspecified)
	(honorHeight =cxTriStateBoolean cx_unspecified)
	(fixedWidth =cxTriStateBoolean cx_unspecified)
	(fixedHeight =cxTriStateBoolean cx_unspecified)
	(stackingOrder 0)
	(dimin
	    {	(isMapped =cxBoolean cx_false)
		(size =cxWidgetSize
		    {	(width 0)
			(height 0)
		    }
		)
		(position =cxWidgetPos
		    {	(x 72)
			(y 5)
		    }
		)
	    }
	)
	(full
	    {	(isMapped =cxBoolean cx_false)
		(size =cxWidgetSize
		    {	(width 0)
			(height 0)
		    }
		)
		(position =cxWidgetPos
		    {	(x 145)
			(y 10)
		    }
		)
	    }
	)
	(t cx_widget_slider
	    {	(d =cxWidgetScalar
		    {	(discrete =cxBoolean cx_false)
			(boundedMin =cxBoolean cx_false)
			(boundedMax =cxBoolean cx_false)
			(dataType =cxPrimType cx_prim_double)
			(t cx_prim_double
			    {	(minVal 0)
				(maxVal 10)
				(step 0)
				(initVal 1)
			    }
			)
			(orientation =cxOrientation cx_horizontal)
		    }
		)
	    }
	)
    }
    {	(name NULL)
	(port "Translation Z")
	(pfunc NULL)
	(direction cx_widget_input)
	(type =cxWidgetType cx_widget_slider)
	(label NULL)
	(fgColor NULL)
	(bgColor NULL)
	(textColor NULL)
	(font NULL)
	(continuous =cxBoolean cx_false)
	(honorWidth =cxTriStateBoolean cx_unspecified)
	(honorHeight =cxTriStateBoolean cx_unspecified)
	(fixedWidth =cxTriStateBoolean cx_unspecified)
	(fixedHeight =cxTriStateBoolean cx_unspecified)
	(stackingOrder 0)
	(dimin
	    {	(isMapped =cxBoolean cx_false)
		(size =cxWidgetSize
		    {	(width 0)
			(height 0)
		    }
		)
		(position =cxWidgetPos
		    {	(x 5)
			(y 95)
		    }
		)
	    }
	)
	(full
	    {	(isMapped =cxBoolean cx_false)
		(size =cxWidgetSize
		    {	(width 0)
			(height 0)
		    }
		)
		(position =cxWidgetPos
		    {	(x 10)
			(y 190)
		    }
		)
	    }
	)
	(t cx_widget_slider
	    {	(d =cxWidgetScalar
		    {	(discrete =cxBoolean cx_false)
			(boundedMin =cxBoolean cx_false)
			(boundedMax =cxBoolean cx_false)
			(dataType =cxPrimType cx_prim_double)
			(t cx_prim_double
			    {	(minVal -10)
				(maxVal 10)
				(step 0)
				(initVal 0)
			    }
			)
			(orientation =cxOrientation cx_horizontal)
		    }
		)
	    }
	)
    }
    {	(name NULL)
	(port "Y Component")
	(pfunc NULL)
	(direction cx_widget_input)
	(type =cxWidgetType cx_widget_slider)
	(label NULL)
	(fgColor NULL)
	(bgColor NULL)
	(textColor NULL)
	(font NULL)
	(continuous =cxBoolean cx_false)
	(honorWidth =cxTriStateBoolean cx_unspecified)
	(honorHeight =cxTriStateBoolean cx_unspecified)
	(fixedWidth =cxTriStateBoolean cx_unspecified)
	(fixedHeight =cxTriStateBoolean cx_unspecified)
	(stackingOrder 0)
	(dimin
	    {	(isMapped =cxBoolean cx_false)
		(size =cxWidgetSize
		    {	(width 0)
			(height 0)
		    }
		)
		(position =cxWidgetPos
		    {	(x 195)
			(y 50)
		    }
		)
	    }
	)
	(full
	    {	(isMapped =cxBoolean cx_false)
		(size =cxWidgetSize
		    {	(width 0)
			(height 0)
		    }
		)
		(position =cxWidgetPos
		    {	(x 390)
			(y 100)
		    }
		)
	    }
	)
	(t cx_widget_slider
	    {	(d =cxWidgetScalar
		    {	(discrete =cxBoolean cx_false)
			(boundedMin =cxBoolean cx_false)
			(boundedMax =cxBoolean cx_false)
			(dataType =cxPrimType cx_prim_double)
			(t cx_prim_double
			    {	(minVal -10)
				(maxVal 10)
				(step 0)
				(initVal 0)
			    }
			)
			(orientation =cxOrientation cx_horizontal)
		    }
		)
	    }
	)
    }
    {	(name NULL)
	(port "Translation X")
	(pfunc NULL)
	(direction cx_widget_input)
	(type =cxWidgetType cx_widget_slider)
	(label NULL)
	(fgColor NULL)
	(bgColor NULL)
	(textColor NULL)
	(font NULL)
	(continuous =cxBoolean cx_false)
	(honorWidth =cxTriStateBoolean cx_unspecified)
	(honorHeight =cxTriStateBoolean cx_unspecified)
	(fixedWidth =cxTriStateBoolean cx_unspecified)
	(fixedHeight =cxTriStateBoolean cx_unspecified)
	(stackingOrder 0)
	(dimin
	    {	(isMapped =cxBoolean cx_false)
		(size =cxWidgetSize
		    {	(width 0)
			(height 0)
		    }
		)
		(position =cxWidgetPos
		    {	(x 5)
			(y 5)
		    }
		)
	    }
	)
	(full
	    {	(isMapped =cxBoolean cx_false)
		(size =cxWidgetSize
		    {	(width 0)
			(height 0)
		    }
		)
		(position =cxWidgetPos
		    {	(x 10)
			(y 10)
		    }
		)
	    }
	)
	(t cx_widget_slider
	    {	(d =cxWidgetScalar
		    {	(discrete =cxBoolean cx_false)
			(boundedMin =cxBoolean cx_false)
			(boundedMax =cxBoolean cx_false)
			(dataType =cxPrimType cx_prim_double)
			(t cx_prim_double
			    {	(minVal -10)
				(maxVal 10)
				(step 0)
				(initVal 0)
			    }
			)
			(orientation =cxOrientation cx_horizontal)
		    }
		)
	    }
	)
    }
    {	(name NULL)
	(port "Show Axis")
	(pfunc NULL)
	(direction cx_widget_input)
	(type =cxWidgetType cx_widget_radio_box)
	(label NULL)
	(fgColor NULL)
	(bgColor NULL)
	(textColor NULL)
	(font NULL)
	(continuous =cxBoolean cx_false)
	(honorWidth =cxTriStateBoolean cx_unspecified)
	(honorHeight =cxTriStateBoolean cx_unspecified)
	(fixedWidth =cxTriStateBoolean cx_unspecified)
	(fixedHeight =cxTriStateBoolean cx_unspecified)
	(stackingOrder 0)
	(dimin
	    {	(isMapped =cxBoolean cx_false)
		(size =cxWidgetSize
		    {	(width 0)
			(height 0)
		    }
		)
		(position =cxWidgetPos
		    {	(x 137)
			(y 47)
		    }
		)
	    }
	)
	(full
	    {	(isMapped =cxBoolean cx_false)
		(size =cxWidgetSize
		    {	(width 0)
			(height 0)
		    }
		)
		(position =cxWidgetPos
		    {	(x 275)
			(y 95)
		    }
		)
	    }
	)
	(t cx_widget_radio_box
	    {	(d =cxWidgetRadioBox
		    {	(nMembers 0)
			(initVal 0)
			(orientation =cxOrientation cx_horizontal)
		    }
		)
	    }
	)
    }
    {	(name NULL)
	(port "Z Component")
	(pfunc NULL)
	(direction cx_widget_input)
	(type =cxWidgetType cx_widget_slider)
	(label NULL)
	(fgColor NULL)
	(bgColor NULL)
	(textColor NULL)
	(font NULL)
	(continuous =cxBoolean cx_false)
	(honorWidth =cxTriStateBoolean cx_unspecified)
	(honorHeight =cxTriStateBoolean cx_unspecified)
	(fixedWidth =cxTriStateBoolean cx_unspecified)
	(fixedHeight =cxTriStateBoolean cx_unspecified)
	(stackingOrder 0)
	(dimin
	    {	(isMapped =cxBoolean cx_false)
		(size =cxWidgetSize
		    {	(width 0)
			(height 0)
		    }
		)
		(position =cxWidgetPos
		    {	(x 195)
			(y 95)
		    }
		)
	    }
	)
	(full
	    {	(isMapped =cxBoolean cx_false)
		(size =cxWidgetSize
		    {	(width 0)
			(height 0)
		    }
		)
		(position =cxWidgetPos
		    {	(x 390)
			(y 190)
		    }
		)
	    }
	)
	(t cx_widget_slider
	    {	(d =cxWidgetScalar
		    {	(discrete =cxBoolean cx_false)
			(boundedMin =cxBoolean cx_false)
			(boundedMax =cxBoolean cx_false)
			(dataType =cxPrimType cx_prim_double)
			(t cx_prim_double
			    {	(minVal -10)
				(maxVal 10)
				(step 0)
				(initVal 1)
			    }
			)
			(orientation =cxOrientation cx_horizontal)
		    }
		)
	    }
	)
    }
)
(@9 =cxWidgetRes [3]
    {	(name NULL)
	(port "Background Color")
	(pfunc NULL)
	(direction cx_widget_input)
	(type =cxWidgetType cx_widget_text)
	(label NULL)
	(fgColor NULL)
	(bgColor NULL)
	(textColor NULL)
	(font NULL)
	(continuous =cxBoolean cx_false)
	(honorWidth =cxTriStateBoolean cx_unspecified)
	(honorHeight =cxTriStateBoolean cx_unspecified)
	(fixedWidth =cxTriStateBoolean cx_unspecified)
	(fixedHeight =cxTriStateBoolean cx_unspecified)
	(stackingOrder 0)
	(dimin
	    {	(isMapped =cxBoolean cx_false)
		(size =cxWidgetSize
		    {	(width 0)
			(height 0)
		    }
		)
		(position =cxWidgetPos
		    {	(x 5)
			(y 5)
		    }
		)
	    }
	)
	(full
	    {	(isMapped =cxBoolean cx_false)
		(size =cxWidgetSize
		    {	(width 0)
			(height 0)
		    }
		)
		(position =cxWidgetPos
		    {	(x 10)
			(y 10)
		    }
		)
	    }
	)
	(t cx_widget_text
	    {	(initVal "")
	    }
	)
    }
    {	(name NULL)
	(port "Snap")
	(pfunc NULL)
	(direction cx_widget_input)
	(type =cxWidgetType cx_widget_button)
	(label NULL)
	(fgColor NULL)
	(bgColor NULL)
	(textColor NULL)
	(font NULL)
	(continuous =cxBoolean cx_false)
	(honorWidth =cxTriStateBoolean cx_unspecified)
	(honorHeight =cxTriStateBoolean cx_unspecified)
	(fixedWidth =cxTriStateBoolean cx_unspecified)
	(fixedHeight =cxTriStateBoolean cx_unspecified)
	(stackingOrder 0)
	(dimin
	    {	(isMapped =cxBoolean cx_false)
		(size =cxWidgetSize
		    {	(width 0)
			(height 0)
		    }
		)
		(position =cxWidgetPos
		    {	(x 5)
			(y 5)
		    }
		)
	    }
	)
	(full
	    {	(isMapped =cxBoolean cx_false)
		(size =cxWidgetSize
		    {	(width 0)
			(height 0)
		    }
		)
		(position =cxWidgetPos
		    {	(x 10)
			(y 10)
		    }
		)
	    }
	)
	(t cx_widget_button
	)
    }
    {	(name NULL)
	(port "Window")
	(pfunc NULL)
	(direction cx_widget_input)
	(type =cxWidgetType cx_widget_gl)
	(label NULL)
	(fgColor NULL)
	(bgColor NULL)
	(textColor NULL)
	(font NULL)
	(continuous =cxBoolean cx_false)
	(honorWidth =cxTriStateBoolean cx_unspecified)
	(honorHeight =cxTriStateBoolean cx_unspecified)
	(fixedWidth =cxTriStateBoolean cx_unspecified)
	(fixedHeight =cxTriStateBoolean cx_unspecified)
	(stackingOrder 0)
	(dimin
	    {	(isMapped =cxBoolean cx_false)
		(size =cxWidgetSize
		    {	(width 0)
			(height 0)
		    }
		)
		(position =cxWidgetPos
		    {	(x 5)
			(y 5)
		    }
		)
	    }
	)
	(full
	    {	(isMapped =cxBoolean cx_false)
		(size =cxWidgetSize
		    {	(width 0)
			(height 0)
		    }
		)
		(position =cxWidgetPos
		    {	(x 10)
			(y 10)
		    }
		)
	    }
	)
	(t cx_widget_gl
	)
    }
)
(@10 =cxWidgetRes [6]
    {	(name NULL)
	(port "Start Value")
	(pfunc NULL)
	(direction cx_widget_input)
	(type =cxWidgetType cx_widget_slider)
	(label NULL)
	(fgColor NULL)
	(bgColor NULL)
	(textColor NULL)
	(font NULL)
	(continuous =cxBoolean cx_false)
	(honorWidth =cxTriStateBoolean cx_unspecified)
	(honorHeight =cxTriStateBoolean cx_unspecified)
	(fixedWidth =cxTriStateBoolean cx_unspecified)
	(fixedHeight =cxTriStateBoolean cx_unspecified)
	(stackingOrder 0)
	(dimin
	    {	(isMapped =cxBoolean cx_false)
		(size =cxWidgetSize
		    {	(width 0)
			(height 0)
		    }
		)
		(position =cxWidgetPos
		    {	(x 5)
			(y 5)
		    }
		)
	    }
	)
	(full
	    {	(isMapped =cxBoolean cx_false)
		(size =cxWidgetSize
		    {	(width 0)
			(height 0)
		    }
		)
		(position =cxWidgetPos
		    {	(x 10)
			(y 10)
		    }
		)
	    }
	)
	(t cx_widget_slider
	    {	(d =cxWidgetScalar
		    {	(discrete =cxBoolean cx_false)
			(boundedMin =cxBoolean cx_false)
			(boundedMax =cxBoolean cx_false)
			(dataType =cxPrimType cx_prim_double)
			(t cx_prim_double
			    {	(minVal -380)
				(maxVal 380)
				(step 0)
				(initVal 0)
			    }
			)
			(orientation =cxOrientation cx_horizontal)
		    }
		)
	    }
	)
    }
    {	(name NULL)
	(port "Refire")
	(pfunc NULL)
	(direction cx_widget_input)
	(type =cxWidgetType cx_widget_button)
	(label NULL)
	(fgColor NULL)
	(bgColor NULL)
	(textColor NULL)
	(font NULL)
	(continuous =cxBoolean cx_false)
	(honorWidth =cxTriStateBoolean cx_unspecified)
	(honorHeight =cxTriStateBoolean cx_unspecified)
	(fixedWidth =cxTriStateBoolean cx_unspecified)
	(fixedHeight =cxTriStateBoolean cx_unspecified)
	(stackingOrder 0)
	(dimin
	    {	(isMapped =cxBoolean cx_false)
		(size =cxWidgetSize
		    {	(width 0)
			(height 0)
		    }
		)
		(position =cxWidgetPos
		    {	(x 95)
			(y 70)
		    }
		)
	    }
	)
	(full
	    {	(isMapped =cxBoolean cx_false)
		(size =cxWidgetSize
		    {	(width 0)
			(height 0)
		    }
		)
		(position =cxWidgetPos
		    {	(x 190)
			(y 140)
		    }
		)
	    }
	)
	(t cx_widget_button
	)
    }
    {	(name NULL)
	(port "End Value")
	(pfunc NULL)
	(direction cx_widget_input)
	(type =cxWidgetType cx_widget_slider)
	(label NULL)
	(fgColor NULL)
	(bgColor NULL)
	(textColor NULL)
	(font NULL)
	(continuous =cxBoolean cx_false)
	(honorWidth =cxTriStateBoolean cx_unspecified)
	(honorHeight =cxTriStateBoolean cx_unspecified)
	(fixedWidth =cxTriStateBoolean cx_unspecified)
	(fixedHeight =cxTriStateBoolean cx_unspecified)
	(stackingOrder 0)
	(dimin
	    {	(isMapped =cxBoolean cx_false)
		(size =cxWidgetSize
		    {	(width 0)
			(height 0)
		    }
		)
		(position =cxWidgetPos
		    {	(x 50)
			(y 5)
		    }
		)
	    }
	)
	(full
	    {	(isMapped =cxBoolean cx_false)
		(size =cxWidgetSize
		    {	(width 0)
			(height 0)
		    }
		)
		(position =cxWidgetPos
		    {	(x 100)
			(y 10)
		    }
		)
	    }
	)
	(t cx_widget_slider
	    {	(d =cxWidgetScalar
		    {	(discrete =cxBoolean cx_false)
			(boundedMin =cxBoolean cx_false)
			(boundedMax =cxBoolean cx_false)
			(dataType =cxPrimType cx_prim_double)
			(t cx_prim_double
			    {	(minVal -380)
				(maxVal 380)
				(step 0)
				(initVal 200)
			    }
			)
			(orientation =cxOrientation cx_horizontal)
		    }
		)
	    }
	)
    }
    {	(name NULL)
	(port "Current Value")
	(pfunc NULL)
	(direction cx_widget_input)
	(type =cxWidgetType cx_widget_text)
	(label NULL)
	(fgColor NULL)
	(bgColor NULL)
	(textColor NULL)
	(font NULL)
	(continuous =cxBoolean cx_false)
	(honorWidth =cxTriStateBoolean cx_unspecified)
	(honorHeight =cxTriStateBoolean cx_unspecified)
	(fixedWidth =cxTriStateBoolean cx_unspecified)
	(fixedHeight =cxTriStateBoolean cx_unspecified)
	(stackingOrder 0)
	(dimin
	    {	(isMapped =cxBoolean cx_false)
		(size =cxWidgetSize
		    {	(width 0)
			(height 0)
		    }
		)
		(position =cxWidgetPos
		    {	(x 7)
			(y 60)
		    }
		)
	    }
	)
	(full
	    {	(isMapped =cxBoolean cx_false)
		(size =cxWidgetSize
		    {	(width 0)
			(height 0)
		    }
		)
		(position =cxWidgetPos
		    {	(x 15)
			(y 120)
		    }
		)
	    }
	)
	(t cx_widget_text
	    {	(initVal "180.000000")
	    }
	)
    }
    {	(name NULL)
	(port "Condition")
	(pfunc NULL)
	(direction cx_widget_input)
	(type =cxWidgetType cx_widget_slider)
	(label NULL)
	(fgColor NULL)
	(bgColor NULL)
	(textColor NULL)
	(font NULL)
	(continuous =cxBoolean cx_false)
	(honorWidth =cxTriStateBoolean cx_unspecified)
	(honorHeight =cxTriStateBoolean cx_unspecified)
	(fixedWidth =cxTriStateBoolean cx_unspecified)
	(fixedHeight =cxTriStateBoolean cx_unspecified)
	(stackingOrder 0)
	(dimin
	    {	(isMapped =cxBoolean cx_false)
		(size =cxWidgetSize
		    {	(width 0)
			(height 0)
		    }
		)
		(position =cxWidgetPos
		    {	(x 5)
			(y 5)
		    }
		)
	    }
	)
	(full
	    {	(isMapped =cxBoolean cx_false)
		(size =cxWidgetSize
		    {	(width 0)
			(height 0)
		    }
		)
		(position =cxWidgetPos
		    {	(x 10)
			(y 10)
		    }
		)
	    }
	)
	(t cx_widget_slider
	    {	(d =cxWidgetScalar
		    {	(discrete =cxBoolean cx_false)
			(boundedMin =cxBoolean cx_false)
			(boundedMax =cxBoolean cx_false)
			(dataType =cxPrimType cx_prim_long)
			(t cx_prim_long
			    {	(minVal 0)
				(maxVal 100)
				(step 0)
				(initVal 1)
			    }
			)
			(orientation =cxOrientation cx_horizontal)
		    }
		)
	    }
	)
    }
    {	(name NULL)
	(port "Step Value")
	(pfunc NULL)
	(direction cx_widget_input)
	(type =cxWidgetType cx_widget_slider)
	(label NULL)
	(fgColor NULL)
	(bgColor NULL)
	(textColor NULL)
	(font NULL)
	(continuous =cxBoolean cx_false)
	(honorWidth =cxTriStateBoolean cx_unspecified)
	(honorHeight =cxTriStateBoolean cx_unspecified)
	(fixedWidth =cxTriStateBoolean cx_unspecified)
	(fixedHeight =cxTriStateBoolean cx_unspecified)
	(stackingOrder 0)
	(dimin
	    {	(isMapped =cxBoolean cx_false)
		(size =cxWidgetSize
		    {	(width 0)
			(height 0)
		    }
		)
		(position =cxWidgetPos
		    {	(x 97)
			(y 5)
		    }
		)
	    }
	)
	(full
	    {	(isMapped =cxBoolean cx_false)
		(size =cxWidgetSize
		    {	(width 0)
			(height 0)
		    }
		)
		(position =cxWidgetPos
		    {	(x 195)
			(y 10)
		    }
		)
	    }
	)
	(t cx_widget_slider
	    {	(d =cxWidgetScalar
		    {	(discrete =cxBoolean cx_false)
			(boundedMin =cxBoolean cx_false)
			(boundedMax =cxBoolean cx_false)
			(dataType =cxPrimType cx_prim_double)
			(t cx_prim_double
			    {	(minVal -30)
				(maxVal 30)
				(step 0)
				(initVal 20)
			    }
			)
			(orientation =cxOrientation cx_horizontal)
		    }
		)
	    }
	)
    }
)
(@11 =cxWidgetRes [2]
    {	(name NULL)
	(port "Type")
	(pfunc NULL)
	(direction cx_widget_input)
	(type =cxWidgetType cx_widget_radio_box)
	(label NULL)
	(fgColor NULL)
	(bgColor NULL)
	(textColor NULL)
	(font NULL)
	(continuous =cxBoolean cx_false)
	(honorWidth =cxTriStateBoolean cx_unspecified)
	(honorHeight =cxTriStateBoolean cx_unspecified)
	(fixedWidth =cxTriStateBoolean cx_unspecified)
	(fixedHeight =cxTriStateBoolean cx_unspecified)
	(stackingOrder 0)
	(dimin
	    {	(isMapped =cxBoolean cx_false)
		(size =cxWidgetSize
		    {	(width 0)
			(height 0)
		    }
		)
		(position =cxWidgetPos
		    {	(x 95)
			(y 5)
		    }
		)
	    }
	)
	(full
	    {	(isMapped =cxBoolean cx_false)
		(size =cxWidgetSize
		    {	(width 0)
			(height 0)
		    }
		)
		(position =cxWidgetPos
		    {	(x 190)
			(y 10)
		    }
		)
	    }
	)
	(t cx_widget_radio_box
	    {	(d =cxWidgetRadioBox
		    {	(nMembers 0)
			(initVal 2)
			(orientation =cxOrientation cx_horizontal)
		    }
		)
	    }
	)
    }
    {	(name NULL)
	(port "Filename")
	(pfunc NULL)
	(direction cx_widget_input)
	(type =cxWidgetType cx_widget_text)
	(label NULL)
	(fgColor NULL)
	(bgColor NULL)
	(textColor NULL)
	(font NULL)
	(continuous =cxBoolean cx_false)
	(honorWidth =cxTriStateBoolean cx_unspecified)
	(honorHeight =cxTriStateBoolean cx_unspecified)
	(fixedWidth =cxTriStateBoolean cx_unspecified)
	(fixedHeight =cxTriStateBoolean cx_unspecified)
	(stackingOrder 0)
	(dimin
	    {	(isMapped =cxBoolean cx_false)
		(size =cxWidgetSize
		    {	(width 0)
			(height 0)
		    }
		)
		(position =cxWidgetPos
		    {	(x 5)
			(y 5)
		    }
		)
	    }
	)
	(full
	    {	(isMapped =cxBoolean cx_false)
		(size =cxWidgetSize
		    {	(width 0)
			(height 0)
		    }
		)
		(position =cxWidgetPos
		    {	(x 10)
			(y 10)
		    }
		)
	    }
	)
	(t cx_widget_text
	    {	(initVal "junk%n.tif")
	    }
	)
    }
)
(@12 [4] "Rotate around X Axis" "Rotate around Y Axis" "Rotate around Z Axis"
"Arbitrary Rotation Axis")
